// Jest Snapshot v1, https://goo.gl/fbAQLP

exports[`FIXServer TCP End-to-end: connect and Logon 1`] = `"8=FIX.4.79=7335=A34=149=CLIENT52=20210815-21:51:47.36556=SERVER141=Y98=0108=6410=210"`;

exports[`FIXServer TCP End-to-end: connect and Logon 2`] = `"8=FIX.4.79=7335=A34=149=CLIENT52=20210815-21:51:47.36556=SERVER141=Y98=0108=6410=210"`;

exports[`FIXServer TCP End-to-end: first message not a Logon 1`] = `"8=FIX.4.89=12935=D34=149=CLIENT52=20210815-21:51:47.36556=SERVER11=1122334421=138=12360=20210815-21:51:47.36540=154=155=700.HK59=010=095"`;

exports[`FIXServer TCP End-to-end: first message not a Logon 2`] = `"8=FIX.5.0SP29=8435=534=149=CLIENT52=20210815-21:51:47.36556=SERVER58=First message not a Logon10=019"`;

exports[`FIXServer TCP End-to-end: invalid Logon 1`] = `"8=FIX.5.09=8935=A34=149=INVALID_SENDER52=20210815-21:51:47.36556=INVALID_TARGET141=Y98=0108=6010=141"`;

exports[`FIXServer TCP End-to-end: invalid Logon 2`] = `"8=FIX.5.09=10635=534=149=INVALID_SENDER52=20210815-21:51:47.36556=INVALID_TARGET58=Invalid Logon TARGET or SENDER.10=230"`;

exports[`FIXServer TCP End-to-end: invalid MsgSeqNum 1`] = `"8=FIX.4.79=7535=A34=10049=CLIENT52=20210815-21:51:47.36556=SERVER141=Y98=0108=6410=052"`;

exports[`FIXServer TCP End-to-end: invalid MsgSeqNum 2`] = `"8=FIX.4.79=6435=234=149=CLIENT52=20210815-21:51:47.36556=SERVER7=116=010=241"`;

exports[`FIXServer Websocket End-to-end: connect and Logon 1`] = `"8=FIX.4.69=7635=A34=149=CLIENT252=20210815-21:51:47.36556=SERVER2141=Y98=0108=12810=105"`;

exports[`FIXServer Websocket End-to-end: invalid Logon 1`] = `"8=FIX.5.09=8935=A34=149=INVALID_SENDER52=20210815-21:51:47.36556=INVALID_TARGET141=Y98=0108=6010=141"`;

exports[`FIXServer Websocket End-to-end: invalid Logon 2`] = `"8=FIX.5.09=10635=534=149=INVALID_SENDER52=20210815-21:51:47.36556=INVALID_TARGET58=Invalid Logon TARGET or SENDER.10=230"`;

exports[`FIXServer Websocket End-to-end: invalid MsgSeqNum 1`] = `"8=FIX.4.69=7835=A34=20049=CLIENT252=20210815-21:51:47.36556=SERVER2141=Y98=0108=12810=204"`;
